[cmulti] device cuda
(60000, 28, 28)
[cmulti] mnist: sources A 35961 audited, B 9039 unvetted (classes [4, 7]), C 15000 compromised; 2877 poisoned, leak 0

[cmulti] seed 0: undefended clean 99.59%  B-class 99.75%  attack 100.00%
[cmulti] seed 0: the opinion's rule selects 73 of 783 live positions; every criterion gets that budget
[cmulti]   opinion      clean 99.60%  B-class 99.75%  attack 0.00%  trigger 100%  ranks 0-15
[cmulti]   scalar       clean 99.58%  B-class 99.70%  attack 0.00%  trigger 100%  ranks 0-15
[cmulti]   scalar-proj  clean 99.60%  B-class 99.75%  attack 0.00%  trigger 100%  ranks 0-15
[cmulti]   drop-compromised (retrained) clean 99.58%  attack 0.00%

[cmulti] seed 1: undefended clean 99.65%  B-class 99.75%  attack 100.00%
[cmulti] seed 1: the opinion's rule selects 68 of 783 live positions; every criterion gets that budget
[cmulti]   opinion      clean 99.64%  B-class 99.75%  attack 0.00%  trigger 100%  ranks 0-15
[cmulti]   scalar       clean 99.64%  B-class 99.75%  attack 0.00%  trigger 100%  ranks 0-15
[cmulti]   scalar-proj  clean 99.64%  B-class 99.75%  attack 0.00%  trigger 100%  ranks 0-15
[cmulti]   drop-compromised (retrained) clean 99.63%  attack 0.00%

[cmulti] seed 2: undefended clean 99.62%  B-class 99.65%  attack 99.95%
[cmulti] seed 2: the opinion's rule selects 70 of 783 live positions; every criterion gets that budget
[cmulti]   opinion      clean 99.62%  B-class 99.65%  attack 0.00%  trigger 100%  ranks 0-15
[cmulti]   scalar       clean 99.62%  B-class 99.65%  attack 0.00%  trigger 100%  ranks 0-15
[cmulti]   scalar-proj  clean 99.62%  B-class 99.65%  attack 0.00%  trigger 100%  ranks 0-15
[cmulti]   drop-compromised (retrained) clean 99.57%  attack 0.00%

[cmulti] seed 3: undefended clean 99.63%  B-class 99.75%  attack 99.90%
[cmulti] seed 3: the opinion's rule selects 57 of 783 live positions; every criterion gets that budget
[cmulti]   opinion      clean 99.63%  B-class 99.75%  attack 0.00%  trigger 100%  ranks 0-15
[cmulti]   scalar       clean 99.63%  B-class 99.75%  attack 0.00%  trigger 100%  ranks 0-16
[cmulti]   scalar-proj  clean 99.63%  B-class 99.75%  attack 0.00%  trigger 100%  ranks 0-15
[cmulti]   drop-compromised (retrained) clean 99.58%  attack 0.00%

[cmulti] seed 4: undefended clean 99.59%  B-class 99.70%  attack 99.95%
[cmulti] seed 4: the opinion's rule selects 61 of 783 live positions; every criterion gets that budget
[cmulti]   opinion      clean 99.59%  B-class 99.70%  attack 0.00%  trigger 100%  ranks 0-15
[cmulti]   scalar       clean 99.59%  B-class 99.70%  attack 0.00%  trigger 100%  ranks 0-15
[cmulti]   scalar-proj  clean 99.59%  B-class 99.70%  attack 0.00%  trigger 100%  ranks 0-15
[cmulti]   drop-compromised (retrained) clean 99.68%  attack 0.00%

  leak 0   criterion                  clean          attack  trigger
            undefended            99.62±0.02      99.96±0.04       0%
            opinion@thr           99.62±0.02       0.00±0.00     100%
            scalar@thr            99.61±0.02       0.00±0.00     100%
            scalar-proj@thr       99.62±0.02       0.00±0.00     100%
            drop-compromised      99.61±0.04       0.00±0.00     nan%
[cmulti] saved results/ConvMulti_mnist_resnet18_cf0.25/summary_leak0.json
